Archive member included to satisfy reference by file (symbol)

/home/ralph/Downloads/nrf51/gcc-arm-none-eabi/bin/../lib/gcc/arm-none-eabi/5.2.1/../../../../arm-none-eabi/lib/armv6-m/libc_nano.a(lib_a-exit.o)
                              /home/ralph/Downloads/nrf51/gcc-arm-none-eabi/bin/../lib/gcc/arm-none-eabi/5.2.1/../../../../arm-none-eabi/lib/armv6-m/crt0.o (exit)
/home/ralph/Downloads/nrf51/gcc-arm-none-eabi/bin/../lib/gcc/arm-none-eabi/5.2.1/../../../../arm-none-eabi/lib/armv6-m/libc_nano.a(lib_a-impure.o)
                              /home/ralph/Downloads/nrf51/gcc-arm-none-eabi/bin/../lib/gcc/arm-none-eabi/5.2.1/../../../../arm-none-eabi/lib/armv6-m/libc_nano.a(lib_a-exit.o) (_global_impure_ptr)
/home/ralph/Downloads/nrf51/gcc-arm-none-eabi/bin/../lib/gcc/arm-none-eabi/5.2.1/../../../../arm-none-eabi/lib/armv6-m/libc_nano.a(lib_a-init.o)
                              /home/ralph/Downloads/nrf51/gcc-arm-none-eabi/bin/../lib/gcc/arm-none-eabi/5.2.1/../../../../arm-none-eabi/lib/armv6-m/crt0.o (__libc_init_array)
/home/ralph/Downloads/nrf51/gcc-arm-none-eabi/bin/../lib/gcc/arm-none-eabi/5.2.1/../../../../arm-none-eabi/lib/armv6-m/libc_nano.a(lib_a-memset.o)
                              /home/ralph/Downloads/nrf51/gcc-arm-none-eabi/bin/../lib/gcc/arm-none-eabi/5.2.1/../../../../arm-none-eabi/lib/armv6-m/crt0.o (memset)
/home/ralph/Downloads/nrf51/gcc-arm-none-eabi/bin/../lib/gcc/arm-none-eabi/5.2.1/../../../../arm-none-eabi/lib/armv6-m/libnosys.a(_exit.o)
                              /home/ralph/Downloads/nrf51/gcc-arm-none-eabi/bin/../lib/gcc/arm-none-eabi/5.2.1/../../../../arm-none-eabi/lib/armv6-m/libc_nano.a(lib_a-exit.o) (_exit)
/home/ralph/Downloads/nrf51/gcc-arm-none-eabi/bin/../lib/gcc/arm-none-eabi/5.2.1/../../../../arm-none-eabi/lib/armv6-m/libc_nano.a(lib_a-memcpy-stub.o)
                              _build/main.o (memcpy)

Discarded input sections

 .text          0x00000000        0x0 /home/ralph/Downloads/nrf51/gcc-arm-none-eabi/bin/../lib/gcc/arm-none-eabi/5.2.1/armv6-m/crti.o
 .data          0x00000000        0x0 /home/ralph/Downloads/nrf51/gcc-arm-none-eabi/bin/../lib/gcc/arm-none-eabi/5.2.1/armv6-m/crti.o
 .bss           0x00000000        0x0 /home/ralph/Downloads/nrf51/gcc-arm-none-eabi/bin/../lib/gcc/arm-none-eabi/5.2.1/armv6-m/crti.o
 .data          0x00000000        0x4 /home/ralph/Downloads/nrf51/gcc-arm-none-eabi/bin/../lib/gcc/arm-none-eabi/5.2.1/armv6-m/crtbegin.o
 .data          0x00000000        0x0 /home/ralph/Downloads/nrf51/gcc-arm-none-eabi/bin/../lib/gcc/arm-none-eabi/5.2.1/../../../../arm-none-eabi/lib/armv6-m/crt0.o
 .bss           0x00000000        0x0 /home/ralph/Downloads/nrf51/gcc-arm-none-eabi/bin/../lib/gcc/arm-none-eabi/5.2.1/../../../../arm-none-eabi/lib/armv6-m/crt0.o
 .ARM.extab     0x00000000        0x0 /home/ralph/Downloads/nrf51/gcc-arm-none-eabi/bin/../lib/gcc/arm-none-eabi/5.2.1/../../../../arm-none-eabi/lib/armv6-m/crt0.o
 .text          0x00000000        0x0 /home/ralph/Downloads/nrf51/gcc-arm-none-eabi/bin/../lib/gcc/arm-none-eabi/5.2.1/../../../../arm-none-eabi/lib/armv6-m/libc_nano.a(lib_a-exit.o)
 .data          0x00000000        0x0 /home/ralph/Downloads/nrf51/gcc-arm-none-eabi/bin/../lib/gcc/arm-none-eabi/5.2.1/../../../../arm-none-eabi/lib/armv6-m/libc_nano.a(lib_a-exit.o)
 .bss           0x00000000        0x0 /home/ralph/Downloads/nrf51/gcc-arm-none-eabi/bin/../lib/gcc/arm-none-eabi/5.2.1/../../../../arm-none-eabi/lib/armv6-m/libc_nano.a(lib_a-exit.o)
 .text          0x00000000        0x0 /home/ralph/Downloads/nrf51/gcc-arm-none-eabi/bin/../lib/gcc/arm-none-eabi/5.2.1/../../../../arm-none-eabi/lib/armv6-m/libc_nano.a(lib_a-impure.o)
 .data          0x00000000        0x0 /home/ralph/Downloads/nrf51/gcc-arm-none-eabi/bin/../lib/gcc/arm-none-eabi/5.2.1/../../../../arm-none-eabi/lib/armv6-m/libc_nano.a(lib_a-impure.o)
 .bss           0x00000000        0x0 /home/ralph/Downloads/nrf51/gcc-arm-none-eabi/bin/../lib/gcc/arm-none-eabi/5.2.1/../../../../arm-none-eabi/lib/armv6-m/libc_nano.a(lib_a-impure.o)
 .data._impure_ptr
                0x00000000        0x4 /home/ralph/Downloads/nrf51/gcc-arm-none-eabi/bin/../lib/gcc/arm-none-eabi/5.2.1/../../../../arm-none-eabi/lib/armv6-m/libc_nano.a(lib_a-impure.o)
 .text          0x00000000        0x0 /home/ralph/Downloads/nrf51/gcc-arm-none-eabi/bin/../lib/gcc/arm-none-eabi/5.2.1/../../../../arm-none-eabi/lib/armv6-m/libc_nano.a(lib_a-init.o)
 .data          0x00000000        0x0 /home/ralph/Downloads/nrf51/gcc-arm-none-eabi/bin/../lib/gcc/arm-none-eabi/5.2.1/../../../../arm-none-eabi/lib/armv6-m/libc_nano.a(lib_a-init.o)
 .bss           0x00000000        0x0 /home/ralph/Downloads/nrf51/gcc-arm-none-eabi/bin/../lib/gcc/arm-none-eabi/5.2.1/../../../../arm-none-eabi/lib/armv6-m/libc_nano.a(lib_a-init.o)
 .text          0x00000000        0x0 /home/ralph/Downloads/nrf51/gcc-arm-none-eabi/bin/../lib/gcc/arm-none-eabi/5.2.1/../../../../arm-none-eabi/lib/armv6-m/libc_nano.a(lib_a-memset.o)
 .data          0x00000000        0x0 /home/ralph/Downloads/nrf51/gcc-arm-none-eabi/bin/../lib/gcc/arm-none-eabi/5.2.1/../../../../arm-none-eabi/lib/armv6-m/libc_nano.a(lib_a-memset.o)
 .bss           0x00000000        0x0 /home/ralph/Downloads/nrf51/gcc-arm-none-eabi/bin/../lib/gcc/arm-none-eabi/5.2.1/../../../../arm-none-eabi/lib/armv6-m/libc_nano.a(lib_a-memset.o)
 .text          0x00000000        0x0 /home/ralph/Downloads/nrf51/gcc-arm-none-eabi/bin/../lib/gcc/arm-none-eabi/5.2.1/../../../../arm-none-eabi/lib/armv6-m/libnosys.a(_exit.o)
 .data          0x00000000        0x0 /home/ralph/Downloads/nrf51/gcc-arm-none-eabi/bin/../lib/gcc/arm-none-eabi/5.2.1/../../../../arm-none-eabi/lib/armv6-m/libnosys.a(_exit.o)
 .bss           0x00000000        0x0 /home/ralph/Downloads/nrf51/gcc-arm-none-eabi/bin/../lib/gcc/arm-none-eabi/5.2.1/../../../../arm-none-eabi/lib/armv6-m/libnosys.a(_exit.o)
 .text          0x00000000        0x0 _build/system_nrf51.o
 .data          0x00000000        0x0 _build/system_nrf51.o
 .bss           0x00000000        0x0 _build/system_nrf51.o
 .data.SystemCoreClock
                0x00000000        0x4 _build/system_nrf51.o
 .text.SystemCoreClockUpdate
                0x00000000       0x18 _build/system_nrf51.o
 .text          0x00000000        0x0 _build/main.o
 .data          0x00000000        0x0 _build/main.o
 .bss           0x00000000        0x0 _build/main.o
 .text          0x00000000        0x0 _build/app_error.o
 .data          0x00000000        0x0 _build/app_error.o
 .bss           0x00000000        0x0 _build/app_error.o
 .text.app_error_handler
                0x00000000       0x40 _build/app_error.o
 .text.app_error_save_and_stop
                0x00000000       0xa8 _build/app_error.o
 .bss.m_error_data.5737
                0x00000000       0x20 _build/app_error.o
 .text          0x00000000        0x0 _build/app_error_weak.o
 .data          0x00000000        0x0 _build/app_error_weak.o
 .bss           0x00000000        0x0 _build/app_error_weak.o
 .text          0x00000000        0x0 _build/nrf_assert.o
 .data          0x00000000        0x0 _build/nrf_assert.o
 .bss           0x00000000        0x0 _build/nrf_assert.o
 .comment       0x00000000       0x6f _build/nrf_assert.o
 .ARM.attributes
                0x00000000       0x31 _build/nrf_assert.o
 .text          0x00000000        0x0 _build/nrf_drv_common.o
 .data          0x00000000        0x0 _build/nrf_drv_common.o
 .bss           0x00000000        0x0 _build/nrf_drv_common.o
 .text          0x00000000        0x0 _build/nrf_drv_gpiote.o
 .data          0x00000000        0x0 _build/nrf_drv_gpiote.o
 .bss           0x00000000        0x0 _build/nrf_drv_gpiote.o
 .text.nrf_gpiote_task_set
                0x00000000       0x28 _build/nrf_drv_gpiote.o
 .text.nrf_gpiote_task_addr_get
                0x00000000       0x24 _build/nrf_drv_gpiote.o
 .text.nrf_gpiote_int_disable
                0x00000000       0x20 _build/nrf_drv_gpiote.o
 .text.nrf_gpiote_event_disable
                0x00000000       0x34 _build/nrf_drv_gpiote.o
 .text.nrf_gpiote_task_enable
                0x00000000       0x50 _build/nrf_drv_gpiote.o
 .text.nrf_gpiote_task_disable
                0x00000000       0x34 _build/nrf_drv_gpiote.o
 .text.nrf_gpiote_task_force
                0x00000000       0x4c _build/nrf_drv_gpiote.o
 .text.nrf_gpiote_te_default
                0x00000000       0x24 _build/nrf_drv_gpiote.o
 .text.nrf_gpio_cfg_default
                0x00000000       0x24 _build/nrf_drv_gpiote.o
 .text.nrf_gpio_pin_read
                0x00000000       0x24 _build/nrf_drv_gpiote.o
 .text.pin_in_use_as_non_task_out
                0x00000000       0x28 _build/nrf_drv_gpiote.o
 .text.nrf_drv_gpiote_is_init
                0x00000000       0x1c _build/nrf_drv_gpiote.o
 .text.nrf_drv_gpiote_uninit
                0x00000000       0x58 _build/nrf_drv_gpiote.o
 .text.nrf_drv_gpiote_out_uninit
                0x00000000       0x50 _build/nrf_drv_gpiote.o
 .text.nrf_drv_gpiote_out_set
                0x00000000       0x18 _build/nrf_drv_gpiote.o
 .text.nrf_drv_gpiote_out_clear
                0x00000000       0x18 _build/nrf_drv_gpiote.o
 .text.nrf_drv_gpiote_out_task_enable
                0x00000000       0x28 _build/nrf_drv_gpiote.o
 .text.nrf_drv_gpiote_out_task_disable
                0x00000000       0x28 _build/nrf_drv_gpiote.o
 .text.nrf_drv_gpiote_out_task_addr_get
                0x00000000       0x34 _build/nrf_drv_gpiote.o
 .text.nrf_drv_gpiote_out_task_force
                0x00000000       0x44 _build/nrf_drv_gpiote.o
 .text.nrf_drv_gpiote_out_task_trigger
                0x00000000       0x30 _build/nrf_drv_gpiote.o
 .text.nrf_drv_gpiote_in_event_disable
                0x00000000       0x58 _build/nrf_drv_gpiote.o
 .text.nrf_drv_gpiote_in_uninit
                0x00000000       0x58 _build/nrf_drv_gpiote.o
 .text.nrf_drv_gpiote_in_is_set
                0x00000000       0x20 _build/nrf_drv_gpiote.o
 .text.nrf_drv_gpiote_in_event_addr_get
                0x00000000       0x38 _build/nrf_drv_gpiote.o
 .data          0x00000000        0x0 _build/gcc_startup_nrf51.o
 .bss           0x00000000        0x0 _build/gcc_startup_nrf51.o
 .text          0x00000000        0x0 /home/ralph/Downloads/nrf51/gcc-arm-none-eabi/bin/../lib/gcc/arm-none-eabi/5.2.1/../../../../arm-none-eabi/lib/armv6-m/libc_nano.a(lib_a-memcpy-stub.o)
 .data          0x00000000        0x0 /home/ralph/Downloads/nrf51/gcc-arm-none-eabi/bin/../lib/gcc/arm-none-eabi/5.2.1/../../../../arm-none-eabi/lib/armv6-m/libc_nano.a(lib_a-memcpy-stub.o)
 .bss           0x00000000        0x0 /home/ralph/Downloads/nrf51/gcc-arm-none-eabi/bin/../lib/gcc/arm-none-eabi/5.2.1/../../../../arm-none-eabi/lib/armv6-m/libc_nano.a(lib_a-memcpy-stub.o)
 .text          0x00000000        0x0 /home/ralph/Downloads/nrf51/gcc-arm-none-eabi/bin/../lib/gcc/arm-none-eabi/5.2.1/armv6-m/crtend.o
 .data          0x00000000        0x0 /home/ralph/Downloads/nrf51/gcc-arm-none-eabi/bin/../lib/gcc/arm-none-eabi/5.2.1/armv6-m/crtend.o
 .bss           0x00000000        0x0 /home/ralph/Downloads/nrf51/gcc-arm-none-eabi/bin/../lib/gcc/arm-none-eabi/5.2.1/armv6-m/crtend.o
 .text          0x00000000        0x0 /home/ralph/Downloads/nrf51/gcc-arm-none-eabi/bin/../lib/gcc/arm-none-eabi/5.2.1/armv6-m/crtn.o
 .data          0x00000000        0x0 /home/ralph/Downloads/nrf51/gcc-arm-none-eabi/bin/../lib/gcc/arm-none-eabi/5.2.1/armv6-m/crtn.o
 .bss           0x00000000        0x0 /home/ralph/Downloads/nrf51/gcc-arm-none-eabi/bin/../lib/gcc/arm-none-eabi/5.2.1/armv6-m/crtn.o

Memory Configuration

Name             Origin             Length             Attributes
FLASH            0x00000000         0x00040000         xr
RAM              0x20000000         0x00008000         xrw
*default*        0x00000000         0xffffffff

Linker script and memory map


.text           0x00000000     0x13c0
 *(.isr_vector)
 .isr_vector    0x00000000       0xc0 _build/gcc_startup_nrf51.o
                0x00000000                __isr_vector
 *(.text*)
 .text          0x000000c0       0xb4 /home/ralph/Downloads/nrf51/gcc-arm-none-eabi/bin/../lib/gcc/arm-none-eabi/5.2.1/armv6-m/crtbegin.o
 .text          0x00000174       0x78 /home/ralph/Downloads/nrf51/gcc-arm-none-eabi/bin/../lib/gcc/arm-none-eabi/5.2.1/../../../../arm-none-eabi/lib/armv6-m/crt0.o
                0x00000174                _mainCRTStartup
                0x00000174                _start
 .text.exit     0x000001ec       0x2c /home/ralph/Downloads/nrf51/gcc-arm-none-eabi/bin/../lib/gcc/arm-none-eabi/5.2.1/../../../../arm-none-eabi/lib/armv6-m/libc_nano.a(lib_a-exit.o)
                0x000001ec                exit
 .text.__libc_init_array
                0x00000218       0x4c /home/ralph/Downloads/nrf51/gcc-arm-none-eabi/bin/../lib/gcc/arm-none-eabi/5.2.1/../../../../arm-none-eabi/lib/armv6-m/libc_nano.a(lib_a-init.o)
                0x00000218                __libc_init_array
 .text.memset   0x00000264       0x10 /home/ralph/Downloads/nrf51/gcc-arm-none-eabi/bin/../lib/gcc/arm-none-eabi/5.2.1/../../../../arm-none-eabi/lib/armv6-m/libc_nano.a(lib_a-memset.o)
                0x00000264                memset
 .text._exit    0x00000274        0x4 /home/ralph/Downloads/nrf51/gcc-arm-none-eabi/bin/../lib/gcc/arm-none-eabi/5.2.1/../../../../arm-none-eabi/lib/armv6-m/libnosys.a(_exit.o)
                0x00000274                _exit
 .text.SystemInit
                0x00000278       0x74 _build/system_nrf51.o
                0x00000278                SystemInit
 .text.is_manual_peripheral_setup_needed
                0x000002ec       0x80 _build/system_nrf51.o
 .text.is_disabled_in_debug_needed
                0x0000036c       0x4c _build/system_nrf51.o
 .text.is_peripheral_domain_setup_needed
                0x000003b8       0x68 _build/system_nrf51.o
 .text.in_pin_handler
                0x00000420       0x1c _build/main.o
                0x00000420                in_pin_handler
 .text.gpio_init
                0x0000043c       0xa0 _build/main.o
 .text.main     0x000004dc        0xc _build/main.o
                0x000004dc                main
 .text.app_error_handler_bare
                0x000004e8       0x3c _build/app_error.o
                0x000004e8                app_error_handler_bare
 .text.NVIC_SystemReset
                0x00000524       0x20 _build/app_error_weak.o
 .text.app_error_fault_handler
                0x00000544       0x18 _build/app_error_weak.o
                0x00000544                app_error_fault_handler
 .text.NVIC_EnableIRQ
                0x0000055c       0x2c _build/nrf_drv_common.o
 .text.NVIC_ClearPendingIRQ
                0x00000588       0x30 _build/nrf_drv_common.o
 .text.NVIC_SetPriority
                0x000005b8       0xdc _build/nrf_drv_common.o
 .text.nrf_drv_common_irq_enable
                0x00000694       0x44 _build/nrf_drv_common.o
                0x00000694                nrf_drv_common_irq_enable
 .text.nrf_gpiote_event_is_set
                0x000006d8       0x2c _build/nrf_drv_gpiote.o
 .text.nrf_gpiote_event_clear
                0x00000704       0x24 _build/nrf_drv_gpiote.o
 .text.nrf_gpiote_event_addr_get
                0x00000728       0x24 _build/nrf_drv_gpiote.o
 .text.nrf_gpiote_int_enable
                0x0000074c       0x20 _build/nrf_drv_gpiote.o
 .text.nrf_gpiote_int_is_enabled
                0x0000076c       0x20 _build/nrf_drv_gpiote.o
 .text.nrf_gpiote_event_enable
                0x0000078c       0x30 _build/nrf_drv_gpiote.o
 .text.nrf_gpiote_event_configure
                0x000007bc       0x70 _build/nrf_drv_gpiote.o
 .text.nrf_gpiote_event_pin_get
                0x0000082c       0x28 _build/nrf_drv_gpiote.o
 .text.nrf_gpiote_event_polarity_get
                0x00000854       0x2c _build/nrf_drv_gpiote.o
 .text.nrf_gpiote_task_configure
                0x00000880       0x88 _build/nrf_drv_gpiote.o
 .text.nrf_gpio_cfg
                0x00000908       0x60 _build/nrf_drv_gpiote.o
 .text.nrf_gpio_cfg_output
                0x00000968       0x24 _build/nrf_drv_gpiote.o
 .text.nrf_gpio_cfg_input
                0x0000098c       0x30 _build/nrf_drv_gpiote.o
 .text.nrf_gpio_cfg_watcher
                0x000009bc       0x34 _build/nrf_drv_gpiote.o
 .text.nrf_gpio_cfg_sense_set
                0x000009f0       0x60 _build/nrf_drv_gpiote.o
 .text.nrf_gpio_pin_set
                0x00000a50       0x20 _build/nrf_drv_gpiote.o
 .text.nrf_gpio_pin_clear
                0x00000a70       0x24 _build/nrf_drv_gpiote.o
 .text.nrf_gpio_pin_toggle
                0x00000a94       0x20 _build/nrf_drv_gpiote.o
 .text.nrf_gpio_pins_toggle
                0x00000ab4       0x44 _build/nrf_drv_gpiote.o
 .text.nrf_gpio_pins_read
                0x00000af8       0x14 _build/nrf_drv_gpiote.o
 .text.nrf_gpio_pin_sense_get
                0x00000b0c       0x28 _build/nrf_drv_gpiote.o
 .text.pin_in_use
                0x00000b34       0x28 _build/nrf_drv_gpiote.o
 .text.pin_in_use_by_te
                0x00000b5c       0x44 _build/nrf_drv_gpiote.o
 .text.pin_in_use_by_port
                0x00000ba0       0x2c _build/nrf_drv_gpiote.o
 .text.pin_in_use_by_gpiote
                0x00000bcc       0x28 _build/nrf_drv_gpiote.o
 .text.pin_in_use_by_te_set
                0x00000bf4       0x5c _build/nrf_drv_gpiote.o
 .text.pin_in_use_set
                0x00000c50       0x20 _build/nrf_drv_gpiote.o
 .text.pin_in_use_clear
                0x00000c70       0x20 _build/nrf_drv_gpiote.o
 .text.channel_port_get
                0x00000c90       0x20 _build/nrf_drv_gpiote.o
 .text.channel_handler_get
                0x00000cb0       0x1c _build/nrf_drv_gpiote.o
 .text.channel_port_alloc
                0x00000ccc       0x84 _build/nrf_drv_gpiote.o
 .text.channel_free
                0x00000d50       0x40 _build/nrf_drv_gpiote.o
 .text.nrf_drv_gpiote_init
                0x00000d90       0x84 _build/nrf_drv_gpiote.o
                0x00000d90                nrf_drv_gpiote_init
 .text.nrf_drv_gpiote_out_init
                0x00000e14       0xa0 _build/nrf_drv_gpiote.o
                0x00000e14                nrf_drv_gpiote_out_init
 .text.nrf_drv_gpiote_out_toggle
                0x00000eb4       0x18 _build/nrf_drv_gpiote.o
                0x00000eb4                nrf_drv_gpiote_out_toggle
 .text.nrf_drv_gpiote_in_init
                0x00000ecc       0xcc _build/nrf_drv_gpiote.o
                0x00000ecc                nrf_drv_gpiote_in_init
 .text.nrf_drv_gpiote_in_event_enable
                0x00000f98      0x110 _build/nrf_drv_gpiote.o
                0x00000f98                nrf_drv_gpiote_in_event_enable
 .text.GPIOTE_IRQHandler
                0x000010a8      0x290 _build/nrf_drv_gpiote.o
                0x000010a8                GPIOTE_IRQHandler
 .text          0x00001338       0x4c _build/gcc_startup_nrf51.o
                0x00001338                Reset_Handler
                0x00001378                NMI_Handler
                0x0000137a                HardFault_Handler
                0x0000137c                SVC_Handler
                0x0000137e                PendSV_Handler
                0x00001380                SysTick_Handler
                0x00001382                TIMER2_IRQHandler
                0x00001382                SPI0_TWI0_IRQHandler
                0x00001382                RTC0_IRQHandler
                0x00001382                POWER_CLOCK_IRQHandler
                0x00001382                RADIO_IRQHandler
                0x00001382                LPCOMP_IRQHandler
                0x00001382                SWI4_IRQHandler
                0x00001382                TEMP_IRQHandler
                0x00001382                QDEC_IRQHandler
                0x00001382                UART0_IRQHandler
                0x00001382                SWI5_IRQHandler
                0x00001382                TIMER0_IRQHandler
                0x00001382                SWI0_IRQHandler
                0x00001382                TIMER1_IRQHandler
                0x00001382                ECB_IRQHandler
                0x00001382                Default_Handler
                0x00001382                ADC_IRQHandler
                0x00001382                SWI3_IRQHandler
                0x00001382                CCM_AAR_IRQHandler
                0x00001382                WDT_IRQHandler
                0x00001382                SWI2_IRQHandler
                0x00001382                RNG_IRQHandler
                0x00001382                SPI1_TWI1_IRQHandler
                0x00001382                RTC1_IRQHandler
                0x00001382                SWI1_IRQHandler
 .text.memcpy   0x00001384       0x12 /home/ralph/Downloads/nrf51/gcc-arm-none-eabi/bin/../lib/gcc/arm-none-eabi/5.2.1/../../../../arm-none-eabi/lib/armv6-m/libc_nano.a(lib_a-memcpy-stub.o)
                0x00001384                memcpy
 *(.init)
 *fill*         0x00001396        0x2 
 .init          0x00001398        0x4 /home/ralph/Downloads/nrf51/gcc-arm-none-eabi/bin/../lib/gcc/arm-none-eabi/5.2.1/armv6-m/crti.o
                0x00001398                _init
 .init          0x0000139c        0x8 /home/ralph/Downloads/nrf51/gcc-arm-none-eabi/bin/../lib/gcc/arm-none-eabi/5.2.1/armv6-m/crtn.o
 *(.fini)
 .fini          0x000013a4        0x4 /home/ralph/Downloads/nrf51/gcc-arm-none-eabi/bin/../lib/gcc/arm-none-eabi/5.2.1/armv6-m/crti.o
                0x000013a4                _fini
 .fini          0x000013a8        0x8 /home/ralph/Downloads/nrf51/gcc-arm-none-eabi/bin/../lib/gcc/arm-none-eabi/5.2.1/armv6-m/crtn.o
 *crtbegin.o(.ctors)
 *crtbegin?.o(.ctors)
 *(EXCLUDE_FILE(*crtend.o *crtend?.o) .ctors)
 *(SORT(.ctors.*))
 *(.ctors)
 *crtbegin.o(.dtors)
 *crtbegin?.o(.dtors)
 *(EXCLUDE_FILE(*crtend.o *crtend?.o) .dtors)
 *(SORT(.dtors.*))
 *(.dtors)
 *(.rodata*)
 .rodata.str1.1
                0x000013b0        0x2 /home/ralph/Downloads/nrf51/gcc-arm-none-eabi/bin/../lib/gcc/arm-none-eabi/5.2.1/../../../../arm-none-eabi/lib/armv6-m/libc_nano.a(lib_a-impure.o)
 *fill*         0x000013b2        0x2 
 .rodata._global_impure_ptr
                0x000013b4        0x4 /home/ralph/Downloads/nrf51/gcc-arm-none-eabi/bin/../lib/gcc/arm-none-eabi/5.2.1/../../../../arm-none-eabi/lib/armv6-m/libc_nano.a(lib_a-impure.o)
                0x000013b4                _global_impure_ptr
 .rodata        0x000013b8        0x4 _build/main.o
 *(.eh_frame*)
 .eh_frame      0x000013bc        0x0 /home/ralph/Downloads/nrf51/gcc-arm-none-eabi/bin/../lib/gcc/arm-none-eabi/5.2.1/armv6-m/crtbegin.o
 .eh_frame      0x000013bc        0x4 /home/ralph/Downloads/nrf51/gcc-arm-none-eabi/bin/../lib/gcc/arm-none-eabi/5.2.1/armv6-m/crtend.o

.glue_7         0x000013c0        0x0
 .glue_7        0x000013c0        0x0 linker stubs

.glue_7t        0x000013c0        0x0
 .glue_7t       0x000013c0        0x0 linker stubs

.vfp11_veneer   0x000013c0        0x0
 .vfp11_veneer  0x000013c0        0x0 linker stubs

.v4_bx          0x000013c0        0x0
 .v4_bx         0x000013c0        0x0 linker stubs

.iplt           0x000013c0        0x0
 .iplt          0x000013c0        0x0 /home/ralph/Downloads/nrf51/gcc-arm-none-eabi/bin/../lib/gcc/arm-none-eabi/5.2.1/armv6-m/crtbegin.o

.ARM.extab
 *(.ARM.extab* .gnu.linkonce.armextab.*)
                0x000013c0                __exidx_start = .

.ARM.exidx      0x000013c0        0x8
 *(.ARM.exidx* .gnu.linkonce.armexidx.*)
 .ARM.exidx     0x000013c0        0x8 /home/ralph/Downloads/nrf51/gcc-arm-none-eabi/bin/../lib/gcc/arm-none-eabi/5.2.1/../../../../arm-none-eabi/lib/armv6-m/crt0.o
                0x000013c8                __exidx_end = .
                0x000013c8                __etext = .

.rel.dyn        0x000013c8        0x0
 .rel.iplt      0x000013c8        0x0 /home/ralph/Downloads/nrf51/gcc-arm-none-eabi/bin/../lib/gcc/arm-none-eabi/5.2.1/armv6-m/crtbegin.o

.data           0x20000000       0x6c load address 0x000013c8
                0x20000000                __data_start__ = .
 *(vtable)
 *(.data*)
 .data.impure_data
                0x20000000       0x60 /home/ralph/Downloads/nrf51/gcc-arm-none-eabi/bin/../lib/gcc/arm-none-eabi/5.2.1/../../../../arm-none-eabi/lib/armv6-m/libc_nano.a(lib_a-impure.o)
                0x20000060                . = ALIGN (0x4)
                0x20000060                PROVIDE (__preinit_array_start, .)
 *(.preinit_array)
                0x20000060                PROVIDE (__preinit_array_end, .)
                0x20000060                . = ALIGN (0x4)
                0x20000060                PROVIDE (__init_array_start, .)
 *(SORT(.init_array.*))
 *(.init_array)
 .init_array    0x20000060        0x4 /home/ralph/Downloads/nrf51/gcc-arm-none-eabi/bin/../lib/gcc/arm-none-eabi/5.2.1/armv6-m/crtbegin.o
                0x20000064                PROVIDE (__init_array_end, .)
                0x20000064                . = ALIGN (0x4)
                [!provide]                PROVIDE (__fini_array_start, .)
 *(SORT(.fini_array.*))
 *(.fini_array)
 .fini_array    0x20000064        0x4 /home/ralph/Downloads/nrf51/gcc-arm-none-eabi/bin/../lib/gcc/arm-none-eabi/5.2.1/armv6-m/crtbegin.o
                [!provide]                PROVIDE (__fini_array_end, .)
 *(.jcr*)
 .jcr           0x20000068        0x0 /home/ralph/Downloads/nrf51/gcc-arm-none-eabi/bin/../lib/gcc/arm-none-eabi/5.2.1/armv6-m/crtbegin.o
 .jcr           0x20000068        0x4 /home/ralph/Downloads/nrf51/gcc-arm-none-eabi/bin/../lib/gcc/arm-none-eabi/5.2.1/armv6-m/crtend.o
                0x2000006c                . = ALIGN (0x4)
                0x2000006c                __data_end__ = .
LOAD /home/ralph/Downloads/nrf51/gcc-arm-none-eabi/bin/../lib/gcc/arm-none-eabi/5.2.1/armv6-m/crti.o
LOAD /home/ralph/Downloads/nrf51/gcc-arm-none-eabi/bin/../lib/gcc/arm-none-eabi/5.2.1/armv6-m/crtbegin.o
LOAD /home/ralph/Downloads/nrf51/gcc-arm-none-eabi/bin/../lib/gcc/arm-none-eabi/5.2.1/../../../../arm-none-eabi/lib/armv6-m/crt0.o
LOAD /home/ralph/Downloads/nrf51/gcc-arm-none-eabi/bin/../lib/gcc/arm-none-eabi/5.2.1/../../../../arm-none-eabi/lib/armv6-m/libc_nano.a
LOAD /home/ralph/Downloads/nrf51/gcc-arm-none-eabi/bin/../lib/gcc/arm-none-eabi/5.2.1/../../../../arm-none-eabi/lib/armv6-m/libnosys.a
LOAD _build/system_nrf51.o
LOAD _build/main.o
LOAD _build/app_error.o
LOAD _build/app_error_weak.o
LOAD _build/nrf_assert.o
LOAD _build/nrf_drv_common.o
LOAD _build/nrf_drv_gpiote.o
LOAD _build/gcc_startup_nrf51.o
LOAD /home/ralph/Downloads/nrf51/gcc-arm-none-eabi/bin/../lib/gcc/arm-none-eabi/5.2.1/../../../../arm-none-eabi/lib/armv6-m/libm.a
START GROUP
LOAD /home/ralph/Downloads/nrf51/gcc-arm-none-eabi/bin/../lib/gcc/arm-none-eabi/5.2.1/armv6-m/libgcc.a
LOAD /home/ralph/Downloads/nrf51/gcc-arm-none-eabi/bin/../lib/gcc/arm-none-eabi/5.2.1/../../../../arm-none-eabi/lib/armv6-m/libc_nano.a
END GROUP
START GROUP
LOAD /home/ralph/Downloads/nrf51/gcc-arm-none-eabi/bin/../lib/gcc/arm-none-eabi/5.2.1/armv6-m/libgcc.a
LOAD /home/ralph/Downloads/nrf51/gcc-arm-none-eabi/bin/../lib/gcc/arm-none-eabi/5.2.1/../../../../arm-none-eabi/lib/armv6-m/libc_nano.a
END GROUP
LOAD /home/ralph/Downloads/nrf51/gcc-arm-none-eabi/bin/../lib/gcc/arm-none-eabi/5.2.1/armv6-m/crtend.o
LOAD /home/ralph/Downloads/nrf51/gcc-arm-none-eabi/bin/../lib/gcc/arm-none-eabi/5.2.1/armv6-m/crtn.o
START GROUP
LOAD /home/ralph/Downloads/nrf51/gcc-arm-none-eabi/bin/../lib/gcc/arm-none-eabi/5.2.1/armv6-m/libgcc.a
LOAD /home/ralph/Downloads/nrf51/gcc-arm-none-eabi/bin/../lib/gcc/arm-none-eabi/5.2.1/../../../../arm-none-eabi/lib/armv6-m/libc.a
LOAD /home/ralph/Downloads/nrf51/gcc-arm-none-eabi/bin/../lib/gcc/arm-none-eabi/5.2.1/../../../../arm-none-eabi/lib/armv6-m/libnosys.a
END GROUP

.tm_clone_table
                0x2000006c        0x0 load address 0x00001434
 .tm_clone_table
                0x2000006c        0x0 /home/ralph/Downloads/nrf51/gcc-arm-none-eabi/bin/../lib/gcc/arm-none-eabi/5.2.1/armv6-m/crtbegin.o
 .tm_clone_table
                0x2000006c        0x0 /home/ralph/Downloads/nrf51/gcc-arm-none-eabi/bin/../lib/gcc/arm-none-eabi/5.2.1/armv6-m/crtend.o

.igot.plt       0x2000006c        0x0 load address 0x00001434
 .igot.plt      0x2000006c        0x0 /home/ralph/Downloads/nrf51/gcc-arm-none-eabi/bin/../lib/gcc/arm-none-eabi/5.2.1/armv6-m/crtbegin.o

.fs_data        0x2000006c        0x0
                [!provide]                PROVIDE (__start_fs_data, .)
 *(.fs_data)
                [!provide]                PROVIDE (__stop_fs_data, .)

.bss            0x2000006c       0x54 load address 0x00001434
                0x2000006c                . = ALIGN (0x4)
                0x2000006c                __bss_start__ = .
 *(.bss*)
 .bss           0x2000006c       0x1c /home/ralph/Downloads/nrf51/gcc-arm-none-eabi/bin/../lib/gcc/arm-none-eabi/5.2.1/armv6-m/crtbegin.o
 .bss.m_cb      0x20000088       0x38 _build/nrf_drv_gpiote.o
 *(COMMON)
                0x200000c0                . = ALIGN (0x4)
                0x200000c0                __bss_end__ = .

.heap           0x200000c0      0x800
                0x200000c0                __end__ = .
                [!provide]                PROVIDE (end, .)
 *(.heap*)
 .heap          0x200000c0      0x800 _build/gcc_startup_nrf51.o
                0x200000c0                __HeapBase
                0x200008c0                __HeapLimit = .

.stack_dummy    0x200000c0      0x800
 *(.stack*)
 .stack         0x200000c0      0x800 _build/gcc_startup_nrf51.o
                0x20008000                __StackTop = (ORIGIN (RAM) + LENGTH (RAM))
                0x20007800                __StackLimit = (__StackTop - SIZEOF (.stack_dummy))
                0x20008000                PROVIDE (__stack, __StackTop)
                0x00000001                ASSERT ((__StackLimit >= __HeapLimit), region RAM overflowed with stack)
OUTPUT(_build/nrf51422_xxac.out elf32-littlearm)

.ARM.attributes
                0x00000000       0x28
 .ARM.attributes
                0x00000000       0x1e /home/ralph/Downloads/nrf51/gcc-arm-none-eabi/bin/../lib/gcc/arm-none-eabi/5.2.1/armv6-m/crti.o
 .ARM.attributes
                0x0000001e       0x2c /home/ralph/Downloads/nrf51/gcc-arm-none-eabi/bin/../lib/gcc/arm-none-eabi/5.2.1/armv6-m/crtbegin.o
 .ARM.attributes
                0x0000004a       0x1b /home/ralph/Downloads/nrf51/gcc-arm-none-eabi/bin/../lib/gcc/arm-none-eabi/5.2.1/../../../../arm-none-eabi/lib/armv6-m/crt0.o
 .ARM.attributes
                0x00000065       0x2c /home/ralph/Downloads/nrf51/gcc-arm-none-eabi/bin/../lib/gcc/arm-none-eabi/5.2.1/../../../../arm-none-eabi/lib/armv6-m/libc_nano.a(lib_a-exit.o)
 .ARM.attributes
                0x00000091       0x2c /home/ralph/Downloads/nrf51/gcc-arm-none-eabi/bin/../lib/gcc/arm-none-eabi/5.2.1/../../../../arm-none-eabi/lib/armv6-m/libc_nano.a(lib_a-impure.o)
 .ARM.attributes
                0x000000bd       0x2c /home/ralph/Downloads/nrf51/gcc-arm-none-eabi/bin/../lib/gcc/arm-none-eabi/5.2.1/../../../../arm-none-eabi/lib/armv6-m/libc_nano.a(lib_a-init.o)
 .ARM.attributes
                0x000000e9       0x2c /home/ralph/Downloads/nrf51/gcc-arm-none-eabi/bin/../lib/gcc/arm-none-eabi/5.2.1/../../../../arm-none-eabi/lib/armv6-m/libc_nano.a(lib_a-memset.o)
 .ARM.attributes
                0x00000115       0x2c /home/ralph/Downloads/nrf51/gcc-arm-none-eabi/bin/../lib/gcc/arm-none-eabi/5.2.1/../../../../arm-none-eabi/lib/armv6-m/libnosys.a(_exit.o)
 .ARM.attributes
                0x00000141       0x31 _build/system_nrf51.o
 .ARM.attributes
                0x00000172       0x31 _build/main.o
 .ARM.attributes
                0x000001a3       0x31 _build/app_error.o
 .ARM.attributes
                0x000001d4       0x31 _build/app_error_weak.o
 .ARM.attributes
                0x00000205       0x31 _build/nrf_drv_common.o
 .ARM.attributes
                0x00000236       0x31 _build/nrf_drv_gpiote.o
 .ARM.attributes
                0x00000267       0x1b _build/gcc_startup_nrf51.o
 .ARM.attributes
                0x00000282       0x2c /home/ralph/Downloads/nrf51/gcc-arm-none-eabi/bin/../lib/gcc/arm-none-eabi/5.2.1/../../../../arm-none-eabi/lib/armv6-m/libc_nano.a(lib_a-memcpy-stub.o)
 .ARM.attributes
                0x000002ae       0x2c /home/ralph/Downloads/nrf51/gcc-arm-none-eabi/bin/../lib/gcc/arm-none-eabi/5.2.1/armv6-m/crtend.o
 .ARM.attributes
                0x000002da       0x1e /home/ralph/Downloads/nrf51/gcc-arm-none-eabi/bin/../lib/gcc/arm-none-eabi/5.2.1/armv6-m/crtn.o

.comment        0x00000000       0x6e
 .comment       0x00000000       0x6e _build/system_nrf51.o
                                 0x6f (size before relaxing)
 .comment       0x0000006e       0x6f _build/main.o
 .comment       0x0000006e       0x6f _build/app_error.o
 .comment       0x0000006e       0x6f _build/app_error_weak.o
 .comment       0x0000006e       0x6f _build/nrf_drv_common.o
 .comment       0x0000006e       0x6f _build/nrf_drv_gpiote.o

.debug_frame    0x00000000       0xbc
 .debug_frame   0x00000000       0x28 /home/ralph/Downloads/nrf51/gcc-arm-none-eabi/bin/../lib/gcc/arm-none-eabi/5.2.1/../../../../arm-none-eabi/lib/armv6-m/libc_nano.a(lib_a-exit.o)
 .debug_frame   0x00000028       0x2c /home/ralph/Downloads/nrf51/gcc-arm-none-eabi/bin/../lib/gcc/arm-none-eabi/5.2.1/../../../../arm-none-eabi/lib/armv6-m/libc_nano.a(lib_a-init.o)
 .debug_frame   0x00000054       0x20 /home/ralph/Downloads/nrf51/gcc-arm-none-eabi/bin/../lib/gcc/arm-none-eabi/5.2.1/../../../../arm-none-eabi/lib/armv6-m/libc_nano.a(lib_a-memset.o)
 .debug_frame   0x00000074       0x20 /home/ralph/Downloads/nrf51/gcc-arm-none-eabi/bin/../lib/gcc/arm-none-eabi/5.2.1/../../../../arm-none-eabi/lib/armv6-m/libnosys.a(_exit.o)
 .debug_frame   0x00000094       0x28 /home/ralph/Downloads/nrf51/gcc-arm-none-eabi/bin/../lib/gcc/arm-none-eabi/5.2.1/../../../../arm-none-eabi/lib/armv6-m/libc_nano.a(lib_a-memcpy-stub.o)
